2025-05-04 11:27:36,059 [INFO] Activator:176 - 


2025-05-04 11:27:36,063 [INFO] Activator:177 - !SESSION log4j initialized
2025-05-04 11:27:42,172 [INFO] LogOutputStream:77 - [STDOUT_REDIRECT] 
2025-05-04 11:27:43,655 [ERROR] LogOutputStream:75 - [STDERR_REDIRECT] May 04, 2025 11:27:43 AM org.glassfish.grizzly.http.server.NetworkListener start
2025-05-04 11:27:43,658 [ERROR] LogOutputStream:75 - [STDERR_REDIRECT] INFO: Started listener bound to [localhost:16721]
2025-05-04 11:27:43,659 [ERROR] LogOutputStream:75 - [STDERR_REDIRECT] 
2025-05-04 11:27:43,663 [ERROR] LogOutputStream:75 - [STDERR_REDIRECT] May 04, 2025 11:27:43 AM org.glassfish.grizzly.http.server.HttpServer start
2025-05-04 11:27:43,664 [ERROR] LogOutputStream:75 - [STDERR_REDIRECT] INFO: [HttpServer] Started.
2025-05-04 11:27:43,666 [ERROR] LogOutputStream:75 - [STDERR_REDIRECT] 
2025-05-04 11:27:44,397 [INFO] ApplicationProperties:184 - Using Application install path: C:\ST\STM32CubeIDE_1.17.0\STM32CubeIDE\plugins\com.st.stm32cube.common.mx_6.14.1.202504091515
2025-05-04 11:27:44,471 [INFO] DbMcusXml:78 - Set database path to: C:\ST\STM32CubeIDE_1.17.0\STM32CubeIDE\plugins\com.st.stm32cube.common.mx_6.14.1.202504091515\\db\/mcu/
2025-05-04 11:27:44,472 [INFO] ApiDb:274 - Set plugin database path to: C:\ST\STM32CubeIDE_1.17.0\STM32CubeIDE\plugins\com.st.stm32cube.common.mx_6.14.1.202504091515\\db\/plugins/boardmanager/
2025-05-04 11:27:44,476 [WARN] ApiDb:259 - Overriding images path with different value:  => C:\ST\STM32CubeIDE_1.17.0\STM32CubeIDE\plugins\com.st.stm32cube.common.mx_6.14.1.202504091515\\db\/plugins/mcufinder/images/
2025-05-04 11:27:44,495 [INFO] ApiDb:250 - Set database path to: C:\Users\rouse\.stmcufinder\plugins\mcufinder//mcu/
2025-05-04 11:27:44,499 [INFO] DbMcusAds:125 - Set database path to: C:\Users\rouse\.stmcufinder\plugins\mcufinder//mcu/
2025-05-04 11:27:44,508 [INFO] CrossReferenceDbSqlite:203 - Set database path to: C:\Users\rouse\.stmcufinder\plugins\mcufinder//mcu/cs/
2025-05-04 11:27:44,839 [INFO] RulesReader:64 - Compatibility file has been processed (302 Rules)
2025-05-04 11:27:45,029 [INFO] DbMcusXml:78 - Set database path to: C:\ST\STM32CubeIDE_1.17.0\STM32CubeIDE\plugins\com.st.stm32cube.common.mx_6.14.1.202504091515\\db\/mcu/
2025-05-04 11:27:45,029 [INFO] ApiDb:274 - Set plugin database path to: C:\ST\STM32CubeIDE_1.17.0\STM32CubeIDE\plugins\com.st.stm32cube.common.mx_6.14.1.202504091515\\db\/plugins/boardmanager/
2025-05-04 11:27:45,029 [INFO] ApiDb:261 - Set plugin images path to: C:\ST\STM32CubeIDE_1.17.0\STM32CubeIDE\plugins\com.st.stm32cube.common.mx_6.14.1.202504091515\\db\/plugins/mcufinder/images/
2025-05-04 11:27:45,030 [WARN] DbFile:41 - Overriding database path with different value: C:\Users\rouse\.stmcufinder\plugins\mcufinder/ => C:\Users\rouse\.stmcufinder\plugins\mcufinder
2025-05-04 11:27:45,030 [INFO] ApiDb:250 - Set database path to: C:\Users\rouse\.stmcufinder\plugins\mcufinder//mcu/
2025-05-04 11:27:45,030 [WARN] DbFile:41 - Overriding database path with different value: C:\Users\rouse\.stmcufinder\plugins\mcufinder/ => C:\Users\rouse\.stmcufinder\plugins\mcufinder
2025-05-04 11:27:45,030 [INFO] DbMcusAds:125 - Set database path to: C:\Users\rouse\.stmcufinder\plugins\mcufinder//mcu/
2025-05-04 11:27:45,030 [WARN] DbFile:41 - Overriding database path with different value: C:\Users\rouse\.stmcufinder\plugins\mcufinder/ => C:\Users\rouse\.stmcufinder\plugins\mcufinder
2025-05-04 11:27:45,030 [WARN] DbFile:41 - Overriding database path with different value: C:\Users\rouse\.stmcufinder\plugins\mcufinder/ => C:\Users\rouse\.stmcufinder\plugins\mcufinder
2025-05-04 11:27:45,031 [INFO] CrossReferenceDbSqlite:203 - Set database path to: C:\Users\rouse\.stmcufinder\plugins\mcufinder//mcu/cs/
2025-05-04 11:27:45,236 [INFO] MainPanel:272 - HeapMemory: 274726912
2025-05-04 11:27:45,485 [INFO] DbMcusXml:78 - Set database path to: C:\ST\STM32CubeIDE_1.17.0\STM32CubeIDE\plugins\com.st.stm32cube.common.mx_6.14.1.202504091515\\db\/mcu/
2025-05-04 11:27:45,485 [INFO] ApiDb:274 - Set plugin database path to: C:\ST\STM32CubeIDE_1.17.0\STM32CubeIDE\plugins\com.st.stm32cube.common.mx_6.14.1.202504091515\\db\/plugins/boardmanager/
2025-05-04 11:27:45,485 [INFO] ApiDb:261 - Set plugin images path to: C:\ST\STM32CubeIDE_1.17.0\STM32CubeIDE\plugins\com.st.stm32cube.common.mx_6.14.1.202504091515\\db\/plugins/mcufinder/images/
2025-05-04 11:27:45,486 [WARN] DbFile:41 - Overriding database path with different value: C:\Users\rouse\.stmcufinder\plugins\mcufinder/ => C:\Users\rouse\.stmcufinder\plugins\mcufinder
2025-05-04 11:27:45,487 [INFO] ApiDb:250 - Set database path to: C:\Users\rouse\.stmcufinder\plugins\mcufinder//mcu/
2025-05-04 11:27:45,487 [WARN] DbFile:41 - Overriding database path with different value: C:\Users\rouse\.stmcufinder\plugins\mcufinder/ => C:\Users\rouse\.stmcufinder\plugins\mcufinder
2025-05-04 11:27:45,487 [INFO] DbMcusAds:125 - Set database path to: C:\Users\rouse\.stmcufinder\plugins\mcufinder//mcu/
2025-05-04 11:27:45,487 [WARN] DbFile:41 - Overriding database path with different value: C:\Users\rouse\.stmcufinder\plugins\mcufinder/ => C:\Users\rouse\.stmcufinder\plugins\mcufinder
2025-05-04 11:27:45,487 [WARN] DbFile:41 - Overriding database path with different value: C:\Users\rouse\.stmcufinder\plugins\mcufinder/ => C:\Users\rouse\.stmcufinder\plugins\mcufinder
2025-05-04 11:27:45,487 [INFO] CrossReferenceDbSqlite:203 - Set database path to: C:\Users\rouse\.stmcufinder\plugins\mcufinder//mcu/cs/
2025-05-04 11:27:45,518 [INFO] ApplicationProperties:184 - Using Application install path: C:\ST\STM32CubeIDE_1.17.0\STM32CubeIDE\plugins\com.st.stm32cube.common.mx_6.14.1.202504091515
2025-05-04 11:27:45,522 [INFO] PluginManage:196 - Search for loadable plugins [exclusion list=, ]
2025-05-04 11:27:45,526 [INFO] PluginManage:310 - Check plugin analytics
2025-05-04 11:27:45,908 [INFO] AnalyticsPlugin:253 - Accepted Software Licenses: STM32CubeMX.6.14.0,STM32CubeMX.6.13.0
2025-05-04 11:27:45,908 [INFO] AnalyticsPlugin:255 - Accepted CMSIS Pack Licenses: 
2025-05-04 11:27:45,909 [INFO] AnalyticsPlugin:257 - Accepted Firmware Licenses: FW.C0.1.3.0
2025-05-04 11:27:45,914 [INFO] PluginManage:359 - Loaded plugin analytics (category:tool,tabindex:-1)
2025-05-04 11:27:45,914 [INFO] PluginManage:310 - Check plugin cadmodel
2025-05-04 11:27:45,920 [INFO] CADModel:105 - Init CAD model plugin
2025-05-04 11:27:45,920 [INFO] PluginManage:359 - Loaded plugin cadmodel (category:power,tabindex:5)
2025-05-04 11:27:45,921 [INFO] PluginManage:310 - Check plugin clock
2025-05-04 11:27:45,936 [INFO] PluginManage:359 - Loaded plugin clock (category:base,tabindex:2)
2025-05-04 11:27:45,936 [INFO] PluginManage:310 - Check plugin ddr
2025-05-04 11:27:45,939 [INFO] PluginManage:359 - Loaded plugin ddr (category:tool,tabindex:6)
2025-05-04 11:27:45,939 [INFO] PluginManage:310 - Check plugin filemanager
2025-05-04 11:27:46,210 [INFO] PluginManage:359 - Loaded plugin filemanager (category:base,tabindex:10)
2025-05-04 11:27:46,210 [INFO] PluginManage:310 - Check plugin ipmanager
2025-05-04 11:27:46,223 [INFO] PluginManage:359 - Loaded plugin ipmanager (category:base,tabindex:5)
2025-05-04 11:27:46,223 [INFO] PluginManage:310 - Check plugin lpbam
2025-05-04 11:27:46,239 [INFO] PluginManage:359 - Loaded plugin lpbam (category:base,tabindex:0)
2025-05-04 11:27:46,239 [INFO] PluginManage:310 - Check plugin memorymap
2025-05-04 11:27:46,290 [INFO] PluginManage:359 - Loaded plugin memorymap (category:base,tabindex:4)
2025-05-04 11:27:46,290 [INFO] PluginManage:310 - Check plugin pinoutandconfiguration
2025-05-04 11:27:46,310 [INFO] PluginManage:359 - Loaded plugin pinoutandconfiguration (category:base,tabindex:1)
2025-05-04 11:27:46,310 [INFO] PluginManage:310 - Check plugin pinoutconfig
2025-05-04 11:27:46,487 [WARN] SupportedApi:132 - Cannot load RTOS API schema: s4s-elt-must-match.1: The content of 'definitions' must match (annotation?, (simpleType | complexType)?, (unique | key | keyref)*)). A problem was found starting at: attribute.
2025-05-04 11:27:46,884 [INFO] PluginManage:359 - Loaded plugin pinoutconfig (category:base,tabindex:0)
2025-05-04 11:27:46,884 [INFO] PluginManage:310 - Check plugin power
2025-05-04 11:27:46,900 [INFO] PluginManage:359 - Loaded plugin power (category:power,tabindex:4)
2025-05-04 11:27:46,900 [INFO] PluginManage:310 - Check plugin projectmanager
2025-05-04 11:27:46,926 [INFO] PluginManage:359 - Loaded plugin projectmanager (category:projectmanager,tabindex:4)
2025-05-04 11:27:46,926 [INFO] PluginManage:310 - Check plugin rif
2025-05-04 11:27:46,941 [INFO] PluginManage:359 - Loaded plugin rif (category:base,tabindex:3)
2025-05-04 11:27:46,942 [INFO] PluginManage:310 - Check plugin thirdparty
2025-05-04 11:27:47,257 [WARN] IntegrityCheckThread:84 - waiting for thirdparty lock release [integrity check]
2025-05-04 11:27:47,257 [INFO] IntegrityCheckThread:86 - entering critical section [integrity check]
2025-05-04 11:27:47,258 [INFO] ThirdPartyUpdaterWithRetryManager:70 - Updater plugin not ready yet. [1/15]
2025-05-04 11:27:47,259 [INFO] PluginManage:359 - Loaded plugin thirdparty (category:base,tabindex:-1)
2025-05-04 11:27:47,259 [INFO] PluginManage:310 - Check plugin tools
2025-05-04 11:27:47,264 [INFO] PluginManage:359 - Loaded plugin tools (category:base,tabindex:7)
2025-05-04 11:27:47,264 [INFO] PluginManage:310 - Check plugin tutovideos
2025-05-04 11:27:47,793 [INFO] PluginManage:359 - Loaded plugin tutovideos (category:base,tabindex:-1)
2025-05-04 11:27:47,794 [INFO] PluginManage:310 - Check plugin updater
2025-05-04 11:27:47,822 [INFO] PluginManage:359 - Loaded plugin updater (category:base,tabindex:12)
2025-05-04 11:27:47,822 [INFO] PluginManage:310 - Check plugin userauth
2025-05-04 11:27:47,833 [INFO] UserAuth:118 - Init User Auth plugin
2025-05-04 11:27:47,835 [INFO] PluginManage:359 - Loaded plugin userauth (category:base,tabindex:14)
2025-05-04 11:27:47,837 [INFO] PluginManage:283 - PluginManage : Loaded plugins [18]
2025-05-04 11:27:48,259 [INFO] PinOutPanel:1589 - setPackage(No Configuration,No Configuration)
2025-05-04 11:27:48,400 [INFO] CADModel:165 - CPN selected for project level
2025-05-04 11:27:48,400 [INFO] CADModel:114 - Register for checkConnection events
2025-05-04 11:27:48,431 [INFO] IPUIPlugin:80 - create IPUIPlugin
2025-05-04 11:27:48,431 [INFO] PluginManager:220 - loadIPPluginJar : add adc
2025-05-04 11:27:48,436 [INFO] IPUIPlugin:80 - create IPUIPlugin
2025-05-04 11:27:48,436 [INFO] PluginManager:220 - loadIPPluginJar : add aes
2025-05-04 11:27:48,441 [INFO] IPUIPlugin:80 - create IPUIPlugin
2025-05-04 11:27:48,441 [INFO] PluginManager:220 - loadIPPluginJar : add can
2025-05-04 11:27:48,444 [INFO] IPUIPlugin:80 - create IPUIPlugin
2025-05-04 11:27:48,444 [INFO] PluginManager:220 - loadIPPluginJar : add comp
2025-05-04 11:27:48,448 [INFO] IPUIPlugin:80 - create IPUIPlugin
2025-05-04 11:27:48,448 [INFO] PluginManager:220 - loadIPPluginJar : add cryp
2025-05-04 11:27:48,455 [INFO] IPUIPlugin:80 - create IPUIPlugin
2025-05-04 11:27:48,455 [INFO] PluginManager:220 - loadIPPluginJar : add ddr_ctrl_phy
2025-05-04 11:27:48,457 [INFO] IPUIPlugin:80 - create IPUIPlugin
2025-05-04 11:27:48,457 [INFO] PluginManager:220 - loadIPPluginJar : add dfsdm
2025-05-04 11:27:48,465 [INFO] IPUIPlugin:80 - create IPUIPlugin
2025-05-04 11:27:48,467 [INFO] PluginManager:220 - loadIPPluginJar : add dma
2025-05-04 11:27:48,476 [INFO] IPUIPlugin:80 - create IPUIPlugin
2025-05-04 11:27:48,476 [INFO] PluginManager:220 - loadIPPluginJar : add dma3
2025-05-04 11:27:48,481 [INFO] IPUIPlugin:80 - create IPUIPlugin
2025-05-04 11:27:48,481 [INFO] PluginManager:220 - loadIPPluginJar : add extmemmanager
2025-05-04 11:27:48,483 [INFO] IPUIPlugin:80 - create IPUIPlugin
2025-05-04 11:27:48,483 [INFO] PluginManager:220 - loadIPPluginJar : add fatfs
2025-05-04 11:27:48,492 [INFO] IPUIPlugin:80 - create IPUIPlugin
2025-05-04 11:27:48,492 [INFO] PluginManager:220 - loadIPPluginJar : add fmc
2025-05-04 11:27:48,502 [INFO] IPUIPlugin:80 - create IPUIPlugin
2025-05-04 11:27:48,502 [INFO] PluginManager:220 - loadIPPluginJar : add freertos
2025-05-04 11:27:48,505 [INFO] IPUIPlugin:80 - create IPUIPlugin
2025-05-04 11:27:48,505 [INFO] PluginManager:220 - loadIPPluginJar : add genericplugin
2025-05-04 11:27:48,507 [INFO] IPUIPlugin:80 - create IPUIPlugin
2025-05-04 11:27:48,507 [INFO] PluginManager:220 - loadIPPluginJar : add gfxmmu
2025-05-04 11:27:48,511 [INFO] IPUIPlugin:80 - create IPUIPlugin
2025-05-04 11:27:48,511 [INFO] PluginManager:220 - loadIPPluginJar : add gic
2025-05-04 11:27:48,515 [INFO] IPUIPlugin:80 - create IPUIPlugin
2025-05-04 11:27:48,515 [INFO] PluginManager:220 - loadIPPluginJar : add gpio
2025-05-04 11:27:48,519 [INFO] IPUIPlugin:80 - create IPUIPlugin
2025-05-04 11:27:48,519 [INFO] PluginManager:220 - loadIPPluginJar : add gtzc
2025-05-04 11:27:48,522 [INFO] IPUIPlugin:80 - create IPUIPlugin
2025-05-04 11:27:48,522 [INFO] PluginManager:220 - loadIPPluginJar : add hash
2025-05-04 11:27:48,524 [INFO] IPUIPlugin:80 - create IPUIPlugin
2025-05-04 11:27:48,525 [INFO] PluginManager:220 - loadIPPluginJar : add i2c
2025-05-04 11:27:48,527 [INFO] IPUIPlugin:80 - create IPUIPlugin
2025-05-04 11:27:48,527 [INFO] PluginManager:220 - loadIPPluginJar : add i2s
2025-05-04 11:27:48,529 [INFO] IPUIPlugin:80 - create IPUIPlugin
2025-05-04 11:27:48,529 [INFO] PluginManager:220 - loadIPPluginJar : add i3c
2025-05-04 11:27:48,532 [INFO] IPUIPlugin:80 - create IPUIPlugin
2025-05-04 11:27:48,532 [INFO] PluginManager:220 - loadIPPluginJar : add ipddr
2025-05-04 11:27:48,539 [INFO] IPUIPlugin:80 - create IPUIPlugin
2025-05-04 11:27:48,539 [INFO] PluginManager:220 - loadIPPluginJar : add linkedlist
2025-05-04 11:27:48,545 [INFO] IPUIPlugin:80 - create IPUIPlugin
2025-05-04 11:27:48,545 [INFO] PluginManager:220 - loadIPPluginJar : add lorawan
2025-05-04 11:27:48,546 [INFO] IPUIPlugin:80 - create IPUIPlugin
2025-05-04 11:27:48,546 [INFO] PluginManager:220 - loadIPPluginJar : add ltdc
2025-05-04 11:27:48,550 [INFO] IPUIPlugin:80 - create IPUIPlugin
2025-05-04 11:27:48,550 [INFO] PluginManager:220 - loadIPPluginJar : add mdma
2025-05-04 11:27:48,552 [INFO] IPUIPlugin:80 - create IPUIPlugin
2025-05-04 11:27:48,554 [INFO] PluginManager:220 - loadIPPluginJar : add nvic
2025-05-04 11:27:48,556 [INFO] IPUIPlugin:80 - create IPUIPlugin
2025-05-04 11:27:48,556 [INFO] PluginManager:220 - loadIPPluginJar : add opamp
2025-05-04 11:27:48,558 [INFO] IPUIPlugin:80 - create IPUIPlugin
2025-05-04 11:27:48,558 [INFO] PluginManager:220 - loadIPPluginJar : add openamp
2025-05-04 11:27:48,560 [INFO] IPUIPlugin:80 - create IPUIPlugin
2025-05-04 11:27:48,560 [INFO] PluginManager:220 - loadIPPluginJar : add pdm2pcm
2025-05-04 11:27:48,565 [INFO] IPUIPlugin:80 - create IPUIPlugin
2025-05-04 11:27:48,567 [INFO] PluginManager:220 - loadIPPluginJar : add plateformsettings
2025-05-04 11:27:48,568 [INFO] IPUIPlugin:80 - create IPUIPlugin
2025-05-04 11:27:48,568 [INFO] PluginManager:220 - loadIPPluginJar : add quadspi
2025-05-04 11:27:48,570 [INFO] IPUIPlugin:80 - create IPUIPlugin
2025-05-04 11:27:48,570 [INFO] PluginManager:220 - loadIPPluginJar : add radio
2025-05-04 11:27:48,573 [INFO] IPUIPlugin:80 - create IPUIPlugin
2025-05-04 11:27:48,573 [INFO] PluginManager:220 - loadIPPluginJar : add resmgrutility
2025-05-04 11:27:48,580 [INFO] IPUIPlugin:80 - create IPUIPlugin
2025-05-04 11:27:48,580 [INFO] PluginManager:220 - loadIPPluginJar : add sai
2025-05-04 11:27:48,583 [INFO] IPUIPlugin:80 - create IPUIPlugin
2025-05-04 11:27:48,583 [INFO] PluginManager:220 - loadIPPluginJar : add spi
2025-05-04 11:27:48,587 [INFO] IPUIPlugin:80 - create IPUIPlugin
2025-05-04 11:27:48,587 [INFO] PluginManager:220 - loadIPPluginJar : add stm32_wpan
2025-05-04 11:27:48,588 [INFO] IPUIPlugin:80 - create IPUIPlugin
2025-05-04 11:27:48,588 [INFO] PluginManager:220 - loadIPPluginJar : add tim
2025-05-04 11:27:48,592 [INFO] IPUIPlugin:80 - create IPUIPlugin
2025-05-04 11:27:48,592 [INFO] PluginManager:220 - loadIPPluginJar : add touchsensing
2025-05-04 11:27:48,594 [INFO] IPUIPlugin:80 - create IPUIPlugin
2025-05-04 11:27:48,594 [INFO] PluginManager:220 - loadIPPluginJar : add tracer_emb
2025-05-04 11:27:48,596 [INFO] IPUIPlugin:80 - create IPUIPlugin
2025-05-04 11:27:48,596 [INFO] PluginManager:220 - loadIPPluginJar : add ts
2025-05-04 11:27:48,598 [INFO] IPUIPlugin:80 - create IPUIPlugin
2025-05-04 11:27:48,598 [INFO] PluginManager:220 - loadIPPluginJar : add tsc
2025-05-04 11:27:48,601 [INFO] IPUIPlugin:80 - create IPUIPlugin
2025-05-04 11:27:48,601 [INFO] PluginManager:220 - loadIPPluginJar : add ucpd
2025-05-04 11:27:48,604 [INFO] IPUIPlugin:80 - create IPUIPlugin
2025-05-04 11:27:48,604 [INFO] PluginManager:220 - loadIPPluginJar : add usart
2025-05-04 11:27:48,607 [INFO] IPUIPlugin:80 - create IPUIPlugin
2025-05-04 11:27:48,607 [INFO] PluginManager:220 - loadIPPluginJar : add usbx
2025-05-04 11:27:48,725 [FATAL] Updater:351 - Updater called before beeing initialized
2025-05-04 11:27:48,747 [INFO] RulesReader:64 - Compatibility file has been processed (302 Rules)
2025-05-04 11:27:48,761 [INFO] RulesReader:64 - Compatibility file has been processed (302 Rules)
2025-05-04 11:27:48,775 [INFO] CADModel:165 - CPN selected for project level
2025-05-04 11:27:48,775 [INFO] CADModel:114 - Register for checkConnection events
2025-05-04 11:27:48,775 [FATAL] Updater:351 - Updater called before beeing initialized
2025-05-04 11:27:48,775 [ERROR] CADModel:125 - Updater not yet initialized, retry later 
2025-05-04 11:27:48,923 [FATAL] Updater:351 - Updater called before beeing initialized
2025-05-04 11:27:48,926 [INFO] CADModel:165 - CPN selected for project level
2025-05-04 11:27:48,926 [INFO] CADModel:114 - Register for checkConnection events
2025-05-04 11:27:48,926 [FATAL] Updater:351 - Updater called before beeing initialized
2025-05-04 11:27:48,926 [ERROR] CADModel:125 - Updater not yet initialized, retry later 
2025-05-04 11:27:48,930 [FATAL] Updater:351 - Updater called before beeing initialized
2025-05-04 11:27:49,050 [FATAL] Updater:351 - Updater called before beeing initialized
2025-05-04 11:27:49,054 [INFO] DbMcusAds:53 - JSON generation date=Thu Mar 06 09:54:22 EST 2025 (1741272862078)
2025-05-04 11:27:49,054 [FATAL] Updater:351 - Updater called before beeing initialized
2025-05-04 11:27:49,077 [WARN] DetailPanel:346 - Failed to get advertising image, set to default
2025-05-04 11:27:49,250 [FATAL] Updater:351 - Updater called before beeing initialized
2025-05-04 11:27:49,251 [FATAL] Updater:351 - Updater called before beeing initialized
2025-05-04 11:27:49,251 [FATAL] Updater:351 - Updater called before beeing initialized
2025-05-04 11:27:49,251 [WARN] DetailPanel:346 - Failed to get advertising image, set to default
2025-05-04 11:27:49,252 [FATAL] Updater:351 - Updater called before beeing initialized
2025-05-04 11:27:49,289 [ERROR] Updater:1198 - MainUpdater not yet initialized. External WinMGr cannot be set.
2025-05-04 11:27:49,291 [INFO] Updater:1134 - Updater Version found : 6.14.1
2025-05-04 11:27:49,303 [INFO] ApplicationProperties:184 - Using Application install path: C:\ST\STM32CubeIDE_1.17.0\STM32CubeIDE\plugins\com.st.stm32cube.common.mx_6.14.1.202504091515
2025-05-04 11:27:50,259 [INFO] ThirdPartyUpdaterWithRetryManager:70 - Updater plugin not ready yet. [2/15]
2025-05-04 11:27:50,869 [ERROR] LogOutputStream:75 - [STDERR_REDIRECT] May 04, 2025 11:27:50 AM java.util.prefs.WindowsPreferences <init>
2025-05-04 11:27:50,871 [ERROR] LogOutputStream:75 - [STDERR_REDIRECT] WARNING: Could not open/create prefs root node Software\JavaSoft\Prefs at root 0xffffffff80000002. Windows RegCreateKeyEx(...) returned error code 5.
2025-05-04 11:27:50,871 [ERROR] LogOutputStream:75 - [STDERR_REDIRECT] 
2025-05-04 11:27:51,310 [INFO] MainUpdater:2872 - connection check result : 10
2025-05-04 11:27:51,311 [INFO] MainUpdater:289 - Updater Check For Update Now.
2025-05-04 11:27:51,311 [INFO] MicroXplorer:498 - Change Database Version : DB.6.0.141
2025-05-04 11:27:51,318 [INFO] McuFinderGlobals:63 - Set McuFinder mode to 2 (CubeIDE integrated)
2025-05-04 11:27:51,318 [INFO] UserAuth:484 - Internet connection configuration mode: 1
2025-05-04 11:27:51,353 [INFO] JxBrowserEngine:152 - Initiate JxBrowser Engine with user profile folder
2025-05-04 11:27:51,499 [INFO] CheckServerUpdateThread:120 - End of CheckServer Thread
2025-05-04 11:27:51,928 [INFO] WebApp:169 - Instantiating new browser for Auth
2025-05-04 11:27:52,418 [INFO] WebApp:463 - Apply proxy settings
2025-05-04 11:27:52,418 [INFO] WebApp:548 - Chromium requires no authentication
2025-05-04 11:27:52,425 [INFO] WebApp:491 - Direct internet connection detected
2025-05-04 11:27:52,442 [INFO] WebApp:894 - Register for checkConnection events
2025-05-04 11:27:52,442 [INFO] WebApp:463 - Apply proxy settings
2025-05-04 11:27:52,443 [INFO] WebApp:548 - Chromium requires no authentication
2025-05-04 11:27:52,443 [INFO] WebApp:491 - Direct internet connection detected
2025-05-04 11:27:52,576 [INFO] WebApp:225 - Starting web application
2025-05-04 11:27:52,577 [INFO] WebApp:593 - Web application path used C:\ST\STM32CubeIDE_1.17.0\STM32CubeIDE\plugins\com.st.stm32cube.common.mx_6.14.1.202504091515\db\plugins\mcufinder\reactClient1\index.html
2025-05-04 11:27:52,584 [INFO] WebApp:191 - Connection restablished
2025-05-04 11:27:52,674 [INFO] UserAuth:484 - Internet connection configuration mode: 1
2025-05-04 11:27:53,437 [WARN] PackLoader:240 - Cannot read IP mode file for STMicroelectronics.FP-SNS-MOTENVWB1.1.4.0
2025-05-04 11:27:53,443 [WARN] PackLoader:240 - Cannot read IP mode file for STMicroelectronics.FP-ATR-ASTRA1.2.0.2
2025-05-04 11:27:53,447 [WARN] PackLoader:240 - Cannot read IP mode file for STMicroelectronics.FP-ATR-ASTRA1.2.0.1
2025-05-04 11:27:53,455 [WARN] PackLoader:240 - Cannot read IP mode file for STMicroelectronics.X-CUBE-SMBUS.2.1.0
2025-05-04 11:27:53,463 [WARN] PackLoader:240 - Cannot read IP mode file for STMicroelectronics.X-CUBE-WB05N.1.1.0
2025-05-04 11:27:53,496 [WARN] PackLoader:240 - Cannot read IP mode file for STMicroelectronics.X-CUBE-AZRTOS-F7.1.1.0
2025-05-04 11:27:53,504 [WARN] PackLoader:240 - Cannot read IP mode file for STMicroelectronics.FP-SNS-FLIGHT1.5.0.2
2025-05-04 11:27:53,536 [WARN] PackLoader:240 - Cannot read IP mode file for Infineon.AIROC-Wi-Fi-Bluetooth-STM32.1.7.0
2025-05-04 11:27:53,550 [WARN] PackLoader:240 - Cannot read IP mode file for STMicroelectronics.X-CUBE-DISPLAY.3.0.0
2025-05-04 11:27:53,559 [WARN] PackLoader:240 - Cannot read IP mode file for STMicroelectronics.X-CUBE-BLE1.7.0.0
2025-05-04 11:27:53,565 [WARN] PackLoader:240 - Cannot read IP mode file for STMicroelectronics.X-CUBE-NFC10.1.0.0
2025-05-04 11:27:53,575 [WARN] PackLoader:240 - Cannot read IP mode file for STMicroelectronics.X-CUBE-BLEMGR.4.0.0
2025-05-04 11:27:53,582 [WARN] PackLoader:240 - Cannot read IP mode file for emotas.I-CUBE-CANOPEN.1.3.0
2025-05-04 11:27:53,593 [WARN] PackLoader:240 - Cannot read IP mode file for STMicroelectronics.X-CUBE-AI.10.0.0
2025-05-04 11:27:53,599 [WARN] PackLoader:240 - Cannot read IP mode file for STMicroelectronics.FP-SNS-SMARTAG2.1.2.0
2025-05-04 11:27:53,603 [WARN] PackLoader:240 - Cannot read IP mode file for STMicroelectronics.FP-SNS-FLIGHT1.5.1.0
2025-05-04 11:27:53,642 [WARN] PackLoader:240 - Cannot read IP mode file for STMicroelectronics.X-CUBE-MEMS1.11.1.0
2025-05-04 11:27:53,812 [INFO] LogOutputStream:77 - [STDOUT_REDIRECT] 1 : Invalid condition id : UX_CORESTACK_Condition cause : null
2025-05-04 11:27:53,812 [INFO] LogOutputStream:77 - [STDOUT_REDIRECT] 1 : Invalid condition id : UX_CORESTACK_Condition cause : null
2025-05-04 11:27:53,813 [INFO] LogOutputStream:77 - [STDOUT_REDIRECT] 1 : Invalid condition id : UX_CORESTACK_Condition cause : null
2025-05-04 11:27:53,815 [INFO] LogOutputStream:77 - [STDOUT_REDIRECT] 1 : Invalid condition id : UX_CORESTACK_Condition cause : null
2025-05-04 11:27:53,815 [INFO] LogOutputStream:77 - [STDOUT_REDIRECT] 1 : Invalid condition id : UX_CORESTACK_Condition cause : null
2025-05-04 11:27:53,818 [WARN] PackLoader:240 - Cannot read IP mode file for STMicroelectronics.X-CUBE-AZRTOS-WL.2.0.0
2025-05-04 11:27:53,824 [WARN] PackLoader:240 - Cannot read IP mode file for STMicroelectronics.FP-SNS-MOTENV1.5.0.0
2025-05-04 11:27:53,829 [WARN] PackLoader:240 - Cannot read IP mode file for wolfSSL.I-CUBE-wolfMQTT.1.19.0
2025-05-04 11:27:53,836 [WARN] PackLoader:240 - Cannot read IP mode file for WES.I-CUBE-Cesium.1.3.0
2025-05-04 11:27:53,840 [WARN] PackLoader:240 - Cannot read IP mode file for STMicroelectronics.X-CUBE-BLE2.3.3.0
2025-05-04 11:27:53,845 [WARN] PackLoader:240 - Cannot read IP mode file for STMicroelectronics.X-CUBE-NFC9.1.0.0
2025-05-04 11:27:53,850 [WARN] PackLoader:240 - Cannot read IP mode file for STMicroelectronics.X-CUBE-BLE1.7.1.0
2025-05-04 11:27:53,890 [WARN] PackLoader:240 - Cannot read IP mode file for STMicroelectronics.X-CUBE-MEMS1.11.2.0
2025-05-04 11:27:53,978 [WARN] PackLoader:240 - Cannot read IP mode file for STMicroelectronics.X-CUBE-AZRTOS-G0.1.1.0
2025-05-04 11:27:53,984 [WARN] PackLoader:240 - Cannot read IP mode file for STMicroelectronics.X-CUBE-SAFEA1.1.2.2
2025-05-04 11:27:53,989 [WARN] PackLoader:240 - Cannot read IP mode file for STMicroelectronics.X-CUBE-NFC4.3.0.0
2025-05-04 11:27:53,996 [WARN] PackLoader:240 - Cannot read IP mode file for EmbeddedOffice.I-CUBE-FS-RTOS.1.0.1
2025-05-04 11:27:54,001 [WARN] PackLoader:240 - Cannot read IP mode file for STMicroelectronics.X-CUBE-WB05N.2.0.0
2025-05-04 11:27:54,006 [WARN] PackLoader:240 - Cannot read IP mode file for STMicroelectronics.X-CUBE-TCPP.4.2.0
2025-05-04 11:27:54,011 [WARN] PackLoader:240 - Cannot read IP mode file for RealThread.X-CUBE-RT-Thread_Nano.4.1.1
2025-05-04 11:27:54,015 [WARN] PackLoader:240 - Cannot read IP mode file for STMicroelectronics.FP-ATR-SIGFOX1.3.2.0
2025-05-04 11:27:54,019 [WARN] ConditionMgr:438 - getConditionDescription Invalid condition id : Cortex-A Device cause : null
2025-05-04 11:27:54,036 [WARN] ConditionMgr:1044 - genDependencies : Invalid condition id : Cortex-A Device cause : null
2025-05-04 11:27:54,036 [WARN] ConditionMgr:1044 - genDependencies : Invalid condition id : Cortex-A Device cause : null
2025-05-04 11:27:54,036 [WARN] ConditionMgr:1044 - genDependencies : Invalid condition id : Cortex-A Device cause : null
2025-05-04 11:27:54,041 [WARN] PackLoader:240 - Cannot read IP mode file for STMicroelectronics.X-CUBE-EEPRMA1.5.1.0
2025-05-04 11:27:54,047 [WARN] PackLoader:240 - Cannot read IP mode file for wolfSSL.I-CUBE-wolfSSL.5.7.6
2025-05-04 11:27:54,052 [WARN] PackLoader:240 - Cannot read IP mode file for ITTIA_DB.I-CUBE-ITTIADB.8.9.0
2025-05-04 11:27:54,072 [WARN] PackLoader:240 - Cannot read IP mode file for SEGGER.I-CUBE-embOS.1.3.1
2025-05-04 11:27:54,095 [WARN] PackLoader:240 - Cannot read IP mode file for STMicroelectronics.X-CUBE-ALGOBUILD.1.4.0
2025-05-04 11:27:54,107 [WARN] PackLoader:240 - Cannot read IP mode file for STMicroelectronics.X-CUBE-AZRTOS-F4.1.1.0
2025-05-04 11:27:54,111 [WARN] PackLoader:240 - Cannot read IP mode file for Avnet-IotConnect.X-CUBE-IoTC-DA16k-PMOD.1.0.0
2025-05-04 11:27:54,115 [WARN] PackLoader:240 - Cannot read IP mode file for STMicroelectronics.X-CUBE-ISPU.2.1.0
2025-05-04 11:27:54,129 [WARN] PackLoader:240 - Cannot read IP mode file for STMicroelectronics.X-CUBE-AZRTOS-L5.2.0.0
2025-05-04 11:27:54,138 [WARN] PackLoader:240 - Cannot read IP mode file for STMicroelectronics.X-CUBE-NFC6.3.1.0
2025-05-04 11:27:54,143 [WARN] PackLoader:240 - Cannot read IP mode file for STMicroelectronics.X-CUBE-DPower.1.2.0
2025-05-04 11:27:54,148 [WARN] PackLoader:240 - Cannot read IP mode file for STMicroelectronics.X-CUBE-FREERTOS.1.3.0
2025-05-04 11:27:54,152 [WARN] PackLoader:240 - Cannot read IP mode file for STMicroelectronics.X-CUBE-NFC7.1.0.1
2025-05-04 11:27:54,157 [WARN] PackLoader:240 - Cannot read IP mode file for STMicroelectronics.X-CUBE-DPower.1.3.0
2025-05-04 11:27:54,169 [WARN] ConditionMgr:438 - getConditionDescription Invalid condition id : LAN8742 Phy interface Condition cause : null
2025-05-04 11:27:54,170 [WARN] PackLoader:240 - Cannot read IP mode file for STMicroelectronics.X-CUBE-AZRTOS-L4.2.0.0
2025-05-04 11:27:54,171 [WARN] ConditionMgr:1044 - genDependencies : Invalid condition id : LAN8742 Phy interface Condition cause : null
2025-05-04 11:27:54,171 [WARN] ConditionMgr:1044 - genDependencies : Invalid condition id : LAN8742 Phy interface Condition cause : null
2025-05-04 11:27:54,171 [WARN] ConditionMgr:1044 - genDependencies : Invalid condition id : LAN8742 Phy interface Condition cause : null
2025-05-04 11:27:54,176 [WARN] PackLoader:240 - Cannot read IP mode file for STMicroelectronics.X-CUBE-SFXS2LP1.4.0.0
2025-05-04 11:27:54,191 [WARN] PackLoader:240 - Cannot read IP mode file for STMicroelectronics.X-CUBE-AZRTOS-H7.3.3.0
2025-05-04 11:27:54,202 [WARN] ConditionMgr:438 - getConditionDescription Invalid condition id : UX DEVICE CLASS RTOS Condition cause : null
2025-05-04 11:27:54,202 [WARN] ConditionMgr:438 - getConditionDescription Invalid condition id : UX DEVICE CLASS RTOS Condition cause : null
2025-05-04 11:27:54,204 [WARN] PackLoader:240 - Cannot read IP mode file for STMicroelectronics.X-CUBE-AZRTOS-WB.2.0.0
2025-05-04 11:27:54,204 [WARN] ConditionMgr:1044 - genDependencies : Invalid condition id : UX DEVICE CLASS RTOS Condition cause : null
2025-05-04 11:27:54,205 [WARN] ConditionMgr:1044 - genDependencies : Invalid condition id : UX DEVICE CLASS RTOS Condition cause : null
2025-05-04 11:27:54,205 [WARN] ConditionMgr:1044 - genDependencies : Invalid condition id : UX DEVICE CLASS RTOS Condition cause : null
2025-05-04 11:27:54,205 [WARN] ConditionMgr:1044 - genDependencies : Invalid condition id : UX DEVICE CLASS RTOS Condition cause : null
2025-05-04 11:27:54,205 [WARN] ConditionMgr:1044 - genDependencies : Invalid condition id : UX DEVICE CLASS RTOS Condition cause : null
2025-05-04 11:27:54,210 [WARN] PackLoader:240 - Cannot read IP mode file for STMicroelectronics.X-CUBE-GNSS1.7.0.1
2025-05-04 11:27:54,216 [WARN] PackLoader:240 - Cannot read IP mode file for STMicroelectronics.X-CUBE-TOUCHGFX.4.25.0
2025-05-04 11:27:54,222 [WARN] PackLoader:240 - Cannot read IP mode file for STMicroelectronics.FP-SNS-STBOX1.2.0.0
2025-05-04 11:27:54,232 [WARN] PackLoader:240 - Cannot read IP mode file for STMicroelectronics.X-CUBE-SUBG2.5.0.0
2025-05-04 11:27:54,252 [WARN] PackLoader:240 - Cannot read IP mode file for STMicroelectronics.X-CUBE-AZRTOS-H7RS.1.1.0
2025-05-04 11:27:54,261 [WARN] PackLoader:240 - Cannot read IP mode file for Cesanta.I-CUBE-Mongoose.7.13.0
2025-05-04 11:27:54,277 [WARN] PackLoader:240 - Cannot read IP mode file for STMicroelectronics.X-CUBE-AZRTOS-G4.2.0.0
2025-05-04 11:27:54,282 [WARN] PackLoader:240 - Cannot read IP mode file for STMicroelectronics.X-CUBE-NFC7.2.0.0
2025-05-04 11:27:54,291 [WARN] PackLoader:240 - Cannot read IP mode file for STMicroelectronics.X-CUBE-IPS.3.1.0
2025-05-04 11:27:54,298 [WARN] PackLoader:240 - Cannot read IP mode file for STMicroelectronics.X-CUBE-ALS.1.0.2
2025-05-04 11:27:54,302 [WARN] PackLoader:240 - Cannot read IP mode file for STMicroelectronics.X-CUBE-TOUCHGFX.4.24.2
2025-05-04 11:27:54,306 [WARN] PackLoader:240 - Cannot read IP mode file for wolfSSL.I-CUBE-wolfTPM.3.4.0
2025-05-04 11:27:54,310 [WARN] PackLoader:240 - Cannot read IP mode file for portGmbH.I-Cube-SoM-uGOAL.1.1.0
2025-05-04 11:27:54,324 [WARN] PackLoader:240 - Cannot read IP mode file for STMicroelectronics.X-CUBE-AZRTOS-H7RS.1.0.0
2025-05-04 11:27:54,334 [WARN] PackLoader:240 - Cannot read IP mode file for STMicroelectronics.X-CUBE-TOF1.3.4.2
2025-05-04 11:27:54,350 [WARN] PackLoader:240 - Cannot read IP mode file for STMicroelectronics.X-CUBE-TOF1.3.4.3
2025-05-04 11:27:54,362 [WARN] PackLoader:240 - Cannot read IP mode file for wolfSSL.I-CUBE-wolfSSH.1.4.17
2025-05-04 11:27:54,363 [INFO] ThirdParty:978 - Integrity check success = true
2025-05-04 11:27:54,363 [INFO] IntegrityCheckThread:100 - exiting critical section [integrity check]
2025-05-04 11:27:54,363 [INFO] IntegrityCheckThread:103 - End integrity checks thread
2025-05-04 14:58:23,952 [ERROR] LogOutputStream:75 - [STDERR_REDIRECT] 
