2025-05-04 11:28:02,866 [INFO] Activator:176 - 


2025-05-04 11:28:02,871 [INFO] Activator:177 - !SESSION log4j initialized
2025-05-04 11:28:08,268 [INFO] LogOutputStream:77 - [STDOUT_REDIRECT] 
2025-05-04 11:28:09,454 [INFO] ApplicationProperties:184 - Using Application install path: C:\ST\STM32CubeIDE_1.17.0\STM32CubeIDE\plugins\com.st.stm32cube.common.mx_6.14.1.202504091515
2025-05-04 11:28:09,484 [INFO] DbMcusXml:78 - Set database path to: C:\ST\STM32CubeIDE_1.17.0\STM32CubeIDE\plugins\com.st.stm32cube.common.mx_6.14.1.202504091515\\db\/mcu/
2025-05-04 11:28:09,484 [INFO] ApiDb:274 - Set plugin database path to: C:\ST\STM32CubeIDE_1.17.0\STM32CubeIDE\plugins\com.st.stm32cube.common.mx_6.14.1.202504091515\\db\/plugins/boardmanager/
2025-05-04 11:28:09,485 [WARN] ApiDb:259 - Overriding images path with different value:  => C:\ST\STM32CubeIDE_1.17.0\STM32CubeIDE\plugins\com.st.stm32cube.common.mx_6.14.1.202504091515\\db\/plugins/mcufinder/images/
2025-05-04 11:28:09,493 [INFO] ApiDb:250 - Set database path to: C:\Users\rouse\.stmcufinder\plugins\mcufinder//mcu/
2025-05-04 11:28:09,494 [INFO] DbMcusAds:125 - Set database path to: C:\Users\rouse\.stmcufinder\plugins\mcufinder//mcu/
2025-05-04 11:28:09,498 [INFO] CrossReferenceDbSqlite:203 - Set database path to: C:\Users\rouse\.stmcufinder\plugins\mcufinder//mcu/cs/
2025-05-04 11:28:09,663 [INFO] RulesReader:64 - Compatibility file has been processed (302 Rules)
2025-05-04 11:28:09,768 [INFO] DbMcusXml:78 - Set database path to: C:\ST\STM32CubeIDE_1.17.0\STM32CubeIDE\plugins\com.st.stm32cube.common.mx_6.14.1.202504091515\\db\/mcu/
2025-05-04 11:28:09,768 [INFO] ApiDb:274 - Set plugin database path to: C:\ST\STM32CubeIDE_1.17.0\STM32CubeIDE\plugins\com.st.stm32cube.common.mx_6.14.1.202504091515\\db\/plugins/boardmanager/
2025-05-04 11:28:09,768 [INFO] ApiDb:261 - Set plugin images path to: C:\ST\STM32CubeIDE_1.17.0\STM32CubeIDE\plugins\com.st.stm32cube.common.mx_6.14.1.202504091515\\db\/plugins/mcufinder/images/
2025-05-04 11:28:09,768 [WARN] DbFile:41 - Overriding database path with different value: C:\Users\rouse\.stmcufinder\plugins\mcufinder/ => C:\Users\rouse\.stmcufinder\plugins\mcufinder
2025-05-04 11:28:09,768 [INFO] ApiDb:250 - Set database path to: C:\Users\rouse\.stmcufinder\plugins\mcufinder//mcu/
2025-05-04 11:28:09,768 [WARN] DbFile:41 - Overriding database path with different value: C:\Users\rouse\.stmcufinder\plugins\mcufinder/ => C:\Users\rouse\.stmcufinder\plugins\mcufinder
2025-05-04 11:28:09,768 [INFO] DbMcusAds:125 - Set database path to: C:\Users\rouse\.stmcufinder\plugins\mcufinder//mcu/
2025-05-04 11:28:09,768 [WARN] DbFile:41 - Overriding database path with different value: C:\Users\rouse\.stmcufinder\plugins\mcufinder/ => C:\Users\rouse\.stmcufinder\plugins\mcufinder
2025-05-04 11:28:09,768 [WARN] DbFile:41 - Overriding database path with different value: C:\Users\rouse\.stmcufinder\plugins\mcufinder/ => C:\Users\rouse\.stmcufinder\plugins\mcufinder
2025-05-04 11:28:09,769 [INFO] CrossReferenceDbSqlite:203 - Set database path to: C:\Users\rouse\.stmcufinder\plugins\mcufinder//mcu/cs/
2025-05-04 11:28:09,860 [INFO] MainPanel:272 - HeapMemory: 269484032
2025-05-04 11:28:09,963 [INFO] DbMcusXml:78 - Set database path to: C:\ST\STM32CubeIDE_1.17.0\STM32CubeIDE\plugins\com.st.stm32cube.common.mx_6.14.1.202504091515\\db\/mcu/
2025-05-04 11:28:09,963 [INFO] ApiDb:274 - Set plugin database path to: C:\ST\STM32CubeIDE_1.17.0\STM32CubeIDE\plugins\com.st.stm32cube.common.mx_6.14.1.202504091515\\db\/plugins/boardmanager/
2025-05-04 11:28:09,963 [INFO] ApiDb:261 - Set plugin images path to: C:\ST\STM32CubeIDE_1.17.0\STM32CubeIDE\plugins\com.st.stm32cube.common.mx_6.14.1.202504091515\\db\/plugins/mcufinder/images/
2025-05-04 11:28:09,963 [WARN] DbFile:41 - Overriding database path with different value: C:\Users\rouse\.stmcufinder\plugins\mcufinder/ => C:\Users\rouse\.stmcufinder\plugins\mcufinder
2025-05-04 11:28:09,964 [INFO] ApiDb:250 - Set database path to: C:\Users\rouse\.stmcufinder\plugins\mcufinder//mcu/
2025-05-04 11:28:09,964 [WARN] DbFile:41 - Overriding database path with different value: C:\Users\rouse\.stmcufinder\plugins\mcufinder/ => C:\Users\rouse\.stmcufinder\plugins\mcufinder
2025-05-04 11:28:09,964 [INFO] DbMcusAds:125 - Set database path to: C:\Users\rouse\.stmcufinder\plugins\mcufinder//mcu/
2025-05-04 11:28:09,964 [WARN] DbFile:41 - Overriding database path with different value: C:\Users\rouse\.stmcufinder\plugins\mcufinder/ => C:\Users\rouse\.stmcufinder\plugins\mcufinder
2025-05-04 11:28:09,964 [WARN] DbFile:41 - Overriding database path with different value: C:\Users\rouse\.stmcufinder\plugins\mcufinder/ => C:\Users\rouse\.stmcufinder\plugins\mcufinder
2025-05-04 11:28:09,964 [INFO] CrossReferenceDbSqlite:203 - Set database path to: C:\Users\rouse\.stmcufinder\plugins\mcufinder//mcu/cs/
2025-05-04 11:28:09,982 [INFO] ApplicationProperties:184 - Using Application install path: C:\ST\STM32CubeIDE_1.17.0\STM32CubeIDE\plugins\com.st.stm32cube.common.mx_6.14.1.202504091515
2025-05-04 11:28:09,984 [INFO] PluginManage:196 - Search for loadable plugins [exclusion list=, ]
2025-05-04 11:28:09,985 [INFO] PluginManage:310 - Check plugin analytics
2025-05-04 11:28:10,154 [INFO] AnalyticsPlugin:253 - Accepted Software Licenses: STM32CubeMX.6.14.0,STM32CubeMX.6.13.0
2025-05-04 11:28:10,154 [INFO] AnalyticsPlugin:255 - Accepted CMSIS Pack Licenses: 
2025-05-04 11:28:10,154 [INFO] AnalyticsPlugin:257 - Accepted Firmware Licenses: FW.C0.1.3.0
2025-05-04 11:28:10,159 [INFO] PluginManage:359 - Loaded plugin analytics (category:tool,tabindex:-1)
2025-05-04 11:28:10,160 [INFO] PluginManage:310 - Check plugin cadmodel
2025-05-04 11:28:10,166 [INFO] CADModel:105 - Init CAD model plugin
2025-05-04 11:28:10,166 [INFO] PluginManage:359 - Loaded plugin cadmodel (category:power,tabindex:5)
2025-05-04 11:28:10,167 [INFO] PluginManage:310 - Check plugin clock
2025-05-04 11:28:10,178 [INFO] PluginManage:359 - Loaded plugin clock (category:base,tabindex:2)
2025-05-04 11:28:10,178 [INFO] PluginManage:310 - Check plugin ddr
2025-05-04 11:28:10,180 [INFO] PluginManage:359 - Loaded plugin ddr (category:tool,tabindex:6)
2025-05-04 11:28:10,180 [INFO] PluginManage:310 - Check plugin filemanager
2025-05-04 11:28:10,305 [INFO] PluginManage:359 - Loaded plugin filemanager (category:base,tabindex:10)
2025-05-04 11:28:10,306 [INFO] PluginManage:310 - Check plugin ipmanager
2025-05-04 11:28:10,310 [INFO] PluginManage:359 - Loaded plugin ipmanager (category:base,tabindex:5)
2025-05-04 11:28:10,311 [INFO] PluginManage:310 - Check plugin lpbam
2025-05-04 11:28:10,322 [INFO] PluginManage:359 - Loaded plugin lpbam (category:base,tabindex:0)
2025-05-04 11:28:10,322 [INFO] PluginManage:310 - Check plugin memorymap
2025-05-04 11:28:10,335 [INFO] PluginManage:359 - Loaded plugin memorymap (category:base,tabindex:4)
2025-05-04 11:28:10,336 [INFO] PluginManage:310 - Check plugin pinoutandconfiguration
2025-05-04 11:28:10,345 [INFO] PluginManage:359 - Loaded plugin pinoutandconfiguration (category:base,tabindex:1)
2025-05-04 11:28:10,345 [INFO] PluginManage:310 - Check plugin pinoutconfig
2025-05-04 11:28:10,423 [WARN] SupportedApi:132 - Cannot load RTOS API schema: s4s-elt-must-match.1: The content of 'definitions' must match (annotation?, (simpleType | complexType)?, (unique | key | keyref)*)). A problem was found starting at: attribute.
2025-05-04 11:28:10,542 [INFO] PluginManage:359 - Loaded plugin pinoutconfig (category:base,tabindex:0)
2025-05-04 11:28:10,542 [INFO] PluginManage:310 - Check plugin power
2025-05-04 11:28:10,548 [INFO] PluginManage:359 - Loaded plugin power (category:power,tabindex:4)
2025-05-04 11:28:10,548 [INFO] PluginManage:310 - Check plugin projectmanager
2025-05-04 11:28:10,561 [INFO] PluginManage:359 - Loaded plugin projectmanager (category:projectmanager,tabindex:4)
2025-05-04 11:28:10,561 [INFO] PluginManage:310 - Check plugin rif
2025-05-04 11:28:10,566 [INFO] PluginManage:359 - Loaded plugin rif (category:base,tabindex:3)
2025-05-04 11:28:10,566 [INFO] PluginManage:310 - Check plugin thirdparty
2025-05-04 11:28:10,685 [INFO] PluginManage:359 - Loaded plugin thirdparty (category:base,tabindex:-1)
2025-05-04 11:28:10,685 [WARN] IntegrityCheckThread:84 - waiting for thirdparty lock release [integrity check]
2025-05-04 11:28:10,685 [INFO] PluginManage:310 - Check plugin tools
2025-05-04 11:28:10,685 [INFO] IntegrityCheckThread:86 - entering critical section [integrity check]
2025-05-04 11:28:10,685 [INFO] ThirdPartyUpdaterWithRetryManager:70 - Updater plugin not ready yet. [1/15]
2025-05-04 11:28:10,687 [INFO] PluginManage:359 - Loaded plugin tools (category:base,tabindex:7)
2025-05-04 11:28:10,687 [INFO] PluginManage:310 - Check plugin tutovideos
2025-05-04 11:28:10,870 [INFO] PluginManage:359 - Loaded plugin tutovideos (category:base,tabindex:-1)
2025-05-04 11:28:10,870 [INFO] PluginManage:310 - Check plugin updater
2025-05-04 11:28:10,888 [INFO] PluginManage:359 - Loaded plugin updater (category:base,tabindex:12)
2025-05-04 11:28:10,888 [INFO] PluginManage:310 - Check plugin userauth
2025-05-04 11:28:10,893 [INFO] UserAuth:118 - Init User Auth plugin
2025-05-04 11:28:10,895 [INFO] PluginManage:359 - Loaded plugin userauth (category:base,tabindex:14)
2025-05-04 11:28:10,896 [INFO] PluginManage:283 - PluginManage : Loaded plugins [18]
2025-05-04 11:28:11,111 [INFO] PinOutPanel:1589 - setPackage(No Configuration,No Configuration)
2025-05-04 11:28:11,238 [INFO] CADModel:165 - CPN selected for project level
2025-05-04 11:28:11,238 [INFO] CADModel:114 - Register for checkConnection events
2025-05-04 11:28:11,266 [INFO] IPUIPlugin:80 - create IPUIPlugin
2025-05-04 11:28:11,266 [INFO] PluginManager:220 - loadIPPluginJar : add adc
2025-05-04 11:28:11,271 [INFO] IPUIPlugin:80 - create IPUIPlugin
2025-05-04 11:28:11,272 [INFO] PluginManager:220 - loadIPPluginJar : add aes
2025-05-04 11:28:11,276 [INFO] IPUIPlugin:80 - create IPUIPlugin
2025-05-04 11:28:11,276 [INFO] PluginManager:220 - loadIPPluginJar : add can
2025-05-04 11:28:11,279 [INFO] IPUIPlugin:80 - create IPUIPlugin
2025-05-04 11:28:11,279 [INFO] PluginManager:220 - loadIPPluginJar : add comp
2025-05-04 11:28:11,282 [INFO] IPUIPlugin:80 - create IPUIPlugin
2025-05-04 11:28:11,282 [INFO] PluginManager:220 - loadIPPluginJar : add cryp
2025-05-04 11:28:11,286 [INFO] IPUIPlugin:80 - create IPUIPlugin
2025-05-04 11:28:11,287 [INFO] PluginManager:220 - loadIPPluginJar : add ddr_ctrl_phy
2025-05-04 11:28:11,289 [INFO] IPUIPlugin:80 - create IPUIPlugin
2025-05-04 11:28:11,289 [INFO] PluginManager:220 - loadIPPluginJar : add dfsdm
2025-05-04 11:28:11,299 [INFO] IPUIPlugin:80 - create IPUIPlugin
2025-05-04 11:28:11,300 [INFO] PluginManager:220 - loadIPPluginJar : add dma
2025-05-04 11:28:11,304 [INFO] IPUIPlugin:80 - create IPUIPlugin
2025-05-04 11:28:11,304 [INFO] PluginManager:220 - loadIPPluginJar : add dma3
2025-05-04 11:28:11,306 [INFO] IPUIPlugin:80 - create IPUIPlugin
2025-05-04 11:28:11,307 [INFO] PluginManager:220 - loadIPPluginJar : add extmemmanager
2025-05-04 11:28:11,309 [INFO] IPUIPlugin:80 - create IPUIPlugin
2025-05-04 11:28:11,309 [INFO] PluginManager:220 - loadIPPluginJar : add fatfs
2025-05-04 11:28:11,315 [INFO] IPUIPlugin:80 - create IPUIPlugin
2025-05-04 11:28:11,316 [INFO] PluginManager:220 - loadIPPluginJar : add fmc
2025-05-04 11:28:11,327 [INFO] IPUIPlugin:80 - create IPUIPlugin
2025-05-04 11:28:11,328 [INFO] PluginManager:220 - loadIPPluginJar : add freertos
2025-05-04 11:28:11,330 [INFO] IPUIPlugin:80 - create IPUIPlugin
2025-05-04 11:28:11,330 [INFO] PluginManager:220 - loadIPPluginJar : add genericplugin
2025-05-04 11:28:11,333 [INFO] IPUIPlugin:80 - create IPUIPlugin
2025-05-04 11:28:11,333 [INFO] PluginManager:220 - loadIPPluginJar : add gfxmmu
2025-05-04 11:28:11,338 [INFO] IPUIPlugin:80 - create IPUIPlugin
2025-05-04 11:28:11,338 [INFO] PluginManager:220 - loadIPPluginJar : add gic
2025-05-04 11:28:11,342 [INFO] IPUIPlugin:80 - create IPUIPlugin
2025-05-04 11:28:11,342 [INFO] PluginManager:220 - loadIPPluginJar : add gpio
2025-05-04 11:28:11,344 [INFO] IPUIPlugin:80 - create IPUIPlugin
2025-05-04 11:28:11,344 [INFO] PluginManager:220 - loadIPPluginJar : add gtzc
2025-05-04 11:28:11,347 [INFO] IPUIPlugin:80 - create IPUIPlugin
2025-05-04 11:28:11,347 [INFO] PluginManager:220 - loadIPPluginJar : add hash
2025-05-04 11:28:11,350 [INFO] IPUIPlugin:80 - create IPUIPlugin
2025-05-04 11:28:11,350 [INFO] PluginManager:220 - loadIPPluginJar : add i2c
2025-05-04 11:28:11,353 [INFO] IPUIPlugin:80 - create IPUIPlugin
2025-05-04 11:28:11,353 [INFO] PluginManager:220 - loadIPPluginJar : add i2s
2025-05-04 11:28:11,356 [INFO] IPUIPlugin:80 - create IPUIPlugin
2025-05-04 11:28:11,356 [INFO] PluginManager:220 - loadIPPluginJar : add i3c
2025-05-04 11:28:11,360 [INFO] IPUIPlugin:80 - create IPUIPlugin
2025-05-04 11:28:11,360 [INFO] PluginManager:220 - loadIPPluginJar : add ipddr
2025-05-04 11:28:11,366 [INFO] IPUIPlugin:80 - create IPUIPlugin
2025-05-04 11:28:11,366 [INFO] PluginManager:220 - loadIPPluginJar : add linkedlist
2025-05-04 11:28:11,370 [INFO] IPUIPlugin:80 - create IPUIPlugin
2025-05-04 11:28:11,370 [INFO] PluginManager:220 - loadIPPluginJar : add lorawan
2025-05-04 11:28:11,372 [INFO] IPUIPlugin:80 - create IPUIPlugin
2025-05-04 11:28:11,372 [INFO] PluginManager:220 - loadIPPluginJar : add ltdc
2025-05-04 11:28:11,377 [INFO] IPUIPlugin:80 - create IPUIPlugin
2025-05-04 11:28:11,378 [INFO] PluginManager:220 - loadIPPluginJar : add mdma
2025-05-04 11:28:11,381 [INFO] IPUIPlugin:80 - create IPUIPlugin
2025-05-04 11:28:11,381 [INFO] PluginManager:220 - loadIPPluginJar : add nvic
2025-05-04 11:28:11,383 [INFO] IPUIPlugin:80 - create IPUIPlugin
2025-05-04 11:28:11,383 [INFO] PluginManager:220 - loadIPPluginJar : add opamp
2025-05-04 11:28:11,386 [INFO] IPUIPlugin:80 - create IPUIPlugin
2025-05-04 11:28:11,387 [INFO] PluginManager:220 - loadIPPluginJar : add openamp
2025-05-04 11:28:11,389 [INFO] IPUIPlugin:80 - create IPUIPlugin
2025-05-04 11:28:11,389 [INFO] PluginManager:220 - loadIPPluginJar : add pdm2pcm
2025-05-04 11:28:11,393 [INFO] IPUIPlugin:80 - create IPUIPlugin
2025-05-04 11:28:11,395 [INFO] PluginManager:220 - loadIPPluginJar : add plateformsettings
2025-05-04 11:28:11,397 [INFO] IPUIPlugin:80 - create IPUIPlugin
2025-05-04 11:28:11,397 [INFO] PluginManager:220 - loadIPPluginJar : add quadspi
2025-05-04 11:28:11,398 [INFO] IPUIPlugin:80 - create IPUIPlugin
2025-05-04 11:28:11,399 [INFO] PluginManager:220 - loadIPPluginJar : add radio
2025-05-04 11:28:11,402 [INFO] IPUIPlugin:80 - create IPUIPlugin
2025-05-04 11:28:11,402 [INFO] PluginManager:220 - loadIPPluginJar : add resmgrutility
2025-05-04 11:28:11,403 [ERROR] LogOutputStream:75 - [STDERR_REDIRECT] May 04, 2025 11:28:11 AM org.glassfish.grizzly.http.server.NetworkListener start
2025-05-04 11:28:11,404 [ERROR] LogOutputStream:75 - [STDERR_REDIRECT] INFO: Started listener bound to [localhost:16722]
2025-05-04 11:28:11,404 [ERROR] LogOutputStream:75 - [STDERR_REDIRECT] 
2025-05-04 11:28:11,404 [INFO] IPUIPlugin:80 - create IPUIPlugin
2025-05-04 11:28:11,404 [INFO] PluginManager:220 - loadIPPluginJar : add sai
2025-05-04 11:28:11,405 [ERROR] LogOutputStream:75 - [STDERR_REDIRECT] May 04, 2025 11:28:11 AM org.glassfish.grizzly.http.server.HttpServer start
2025-05-04 11:28:11,406 [ERROR] LogOutputStream:75 - [STDERR_REDIRECT] INFO: [HttpServer] Started.
2025-05-04 11:28:11,406 [ERROR] LogOutputStream:75 - [STDERR_REDIRECT] 
2025-05-04 11:28:11,406 [INFO] IPUIPlugin:80 - create IPUIPlugin
2025-05-04 11:28:11,406 [INFO] PluginManager:220 - loadIPPluginJar : add spi
2025-05-04 11:28:11,410 [INFO] IPUIPlugin:80 - create IPUIPlugin
2025-05-04 11:28:11,410 [INFO] PluginManager:220 - loadIPPluginJar : add stm32_wpan
2025-05-04 11:28:11,411 [INFO] IPUIPlugin:80 - create IPUIPlugin
2025-05-04 11:28:11,412 [INFO] PluginManager:220 - loadIPPluginJar : add tim
2025-05-04 11:28:11,414 [INFO] IPUIPlugin:80 - create IPUIPlugin
2025-05-04 11:28:11,414 [INFO] PluginManager:220 - loadIPPluginJar : add touchsensing
2025-05-04 11:28:11,415 [INFO] IPUIPlugin:80 - create IPUIPlugin
2025-05-04 11:28:11,415 [INFO] PluginManager:220 - loadIPPluginJar : add tracer_emb
2025-05-04 11:28:11,416 [INFO] IPUIPlugin:80 - create IPUIPlugin
2025-05-04 11:28:11,416 [INFO] PluginManager:220 - loadIPPluginJar : add ts
2025-05-04 11:28:11,417 [INFO] IPUIPlugin:80 - create IPUIPlugin
2025-05-04 11:28:11,417 [INFO] PluginManager:220 - loadIPPluginJar : add tsc
2025-05-04 11:28:11,418 [INFO] IPUIPlugin:80 - create IPUIPlugin
2025-05-04 11:28:11,418 [INFO] PluginManager:220 - loadIPPluginJar : add ucpd
2025-05-04 11:28:11,420 [INFO] IPUIPlugin:80 - create IPUIPlugin
2025-05-04 11:28:11,420 [INFO] PluginManager:220 - loadIPPluginJar : add usart
2025-05-04 11:28:11,421 [INFO] IPUIPlugin:80 - create IPUIPlugin
2025-05-04 11:28:11,421 [INFO] PluginManager:220 - loadIPPluginJar : add usbx
2025-05-04 11:28:11,535 [FATAL] Updater:351 - Updater called before beeing initialized
2025-05-04 11:28:11,558 [INFO] RulesReader:64 - Compatibility file has been processed (302 Rules)
2025-05-04 11:28:11,569 [INFO] RulesReader:64 - Compatibility file has been processed (302 Rules)
2025-05-04 11:28:11,578 [INFO] CADModel:165 - CPN selected for project level
2025-05-04 11:28:11,578 [INFO] CADModel:114 - Register for checkConnection events
2025-05-04 11:28:11,578 [FATAL] Updater:351 - Updater called before beeing initialized
2025-05-04 11:28:11,578 [ERROR] CADModel:125 - Updater not yet initialized, retry later 
2025-05-04 11:28:11,717 [FATAL] Updater:351 - Updater called before beeing initialized
2025-05-04 11:28:11,719 [INFO] CADModel:165 - CPN selected for project level
2025-05-04 11:28:11,719 [INFO] CADModel:114 - Register for checkConnection events
2025-05-04 11:28:11,719 [FATAL] Updater:351 - Updater called before beeing initialized
2025-05-04 11:28:11,719 [ERROR] CADModel:125 - Updater not yet initialized, retry later 
2025-05-04 11:28:11,722 [FATAL] Updater:351 - Updater called before beeing initialized
2025-05-04 11:28:11,799 [FATAL] Updater:351 - Updater called before beeing initialized
2025-05-04 11:28:11,802 [INFO] DbMcusAds:53 - JSON generation date=Thu Mar 06 09:54:22 EST 2025 (1741272862078)
2025-05-04 11:28:11,803 [FATAL] Updater:351 - Updater called before beeing initialized
2025-05-04 11:28:11,826 [WARN] DetailPanel:346 - Failed to get advertising image, set to default
2025-05-04 11:28:12,021 [FATAL] Updater:351 - Updater called before beeing initialized
2025-05-04 11:28:12,022 [FATAL] Updater:351 - Updater called before beeing initialized
2025-05-04 11:28:12,022 [FATAL] Updater:351 - Updater called before beeing initialized
2025-05-04 11:28:12,022 [WARN] DetailPanel:346 - Failed to get advertising image, set to default
2025-05-04 11:28:12,023 [FATAL] Updater:351 - Updater called before beeing initialized
2025-05-04 11:28:12,062 [ERROR] Updater:1198 - MainUpdater not yet initialized. External WinMGr cannot be set.
2025-05-04 11:28:12,063 [INFO] Updater:1134 - Updater Version found : 6.14.1
2025-05-04 11:28:12,077 [INFO] ApplicationProperties:184 - Using Application install path: C:\ST\STM32CubeIDE_1.17.0\STM32CubeIDE\plugins\com.st.stm32cube.common.mx_6.14.1.202504091515
2025-05-04 11:28:13,640 [ERROR] LogOutputStream:75 - [STDERR_REDIRECT] May 04, 2025 11:28:13 AM java.util.prefs.WindowsPreferences <init>
2025-05-04 11:28:13,642 [ERROR] LogOutputStream:75 - [STDERR_REDIRECT] WARNING: Could not open/create prefs root node Software\JavaSoft\Prefs at root 0xffffffff80000002. Windows RegCreateKeyEx(...) returned error code 5.
2025-05-04 11:28:13,642 [ERROR] LogOutputStream:75 - [STDERR_REDIRECT] 
2025-05-04 11:28:13,688 [INFO] ThirdPartyUpdaterWithRetryManager:70 - Updater plugin not ready yet. [2/15]
2025-05-04 11:28:13,989 [INFO] MainUpdater:2872 - connection check result : 10
2025-05-04 11:28:13,990 [INFO] MainUpdater:289 - Updater Check For Update Now.
2025-05-04 11:28:13,990 [INFO] MicroXplorer:498 - Change Database Version : DB.6.0.141
2025-05-04 11:28:13,996 [INFO] McuFinderGlobals:63 - Set McuFinder mode to 2 (CubeIDE integrated)
2025-05-04 11:28:13,997 [INFO] UserAuth:484 - Internet connection configuration mode: 1
2025-05-04 11:28:14,044 [INFO] JxBrowserEngine:152 - Initiate JxBrowser Engine with user profile folder
2025-05-04 11:28:14,190 [INFO] CheckServerUpdateThread:120 - End of CheckServer Thread
2025-05-04 11:28:14,554 [INFO] WebApp:169 - Instantiating new browser for Auth
2025-05-04 11:28:15,063 [INFO] WebApp:463 - Apply proxy settings
2025-05-04 11:28:15,063 [INFO] WebApp:548 - Chromium requires no authentication
2025-05-04 11:28:15,068 [INFO] WebApp:491 - Direct internet connection detected
2025-05-04 11:28:15,082 [INFO] WebApp:894 - Register for checkConnection events
2025-05-04 11:28:15,083 [INFO] WebApp:463 - Apply proxy settings
2025-05-04 11:28:15,083 [INFO] WebApp:548 - Chromium requires no authentication
2025-05-04 11:28:15,083 [INFO] WebApp:491 - Direct internet connection detected
2025-05-04 11:28:15,206 [INFO] WebApp:191 - Connection restablished
2025-05-04 11:28:15,234 [INFO] WebApp:225 - Starting web application
2025-05-04 11:28:15,235 [INFO] WebApp:593 - Web application path used C:\ST\STM32CubeIDE_1.17.0\STM32CubeIDE\plugins\com.st.stm32cube.common.mx_6.14.1.202504091515\db\plugins\mcufinder\reactClient1\index.html
2025-05-04 11:28:15,314 [INFO] UserAuth:484 - Internet connection configuration mode: 1
2025-05-04 11:28:16,819 [WARN] PackLoader:240 - Cannot read IP mode file for STMicroelectronics.FP-SNS-MOTENVWB1.1.4.0
2025-05-04 11:28:16,824 [WARN] PackLoader:240 - Cannot read IP mode file for STMicroelectronics.FP-ATR-ASTRA1.2.0.2
2025-05-04 11:28:16,826 [WARN] PackLoader:240 - Cannot read IP mode file for STMicroelectronics.FP-ATR-ASTRA1.2.0.1
2025-05-04 11:28:16,836 [WARN] PackLoader:240 - Cannot read IP mode file for STMicroelectronics.X-CUBE-SMBUS.2.1.0
2025-05-04 11:28:16,842 [WARN] PackLoader:240 - Cannot read IP mode file for STMicroelectronics.X-CUBE-WB05N.1.1.0
2025-05-04 11:28:16,861 [WARN] PackLoader:240 - Cannot read IP mode file for STMicroelectronics.X-CUBE-AZRTOS-F7.1.1.0
2025-05-04 11:28:16,868 [WARN] PackLoader:240 - Cannot read IP mode file for STMicroelectronics.FP-SNS-FLIGHT1.5.0.2
2025-05-04 11:28:16,899 [WARN] PackLoader:240 - Cannot read IP mode file for Infineon.AIROC-Wi-Fi-Bluetooth-STM32.1.7.0
2025-05-04 11:28:16,916 [WARN] PackLoader:240 - Cannot read IP mode file for STMicroelectronics.X-CUBE-DISPLAY.3.0.0
2025-05-04 11:28:16,926 [WARN] PackLoader:240 - Cannot read IP mode file for STMicroelectronics.X-CUBE-BLE1.7.0.0
2025-05-04 11:28:16,933 [WARN] PackLoader:240 - Cannot read IP mode file for STMicroelectronics.X-CUBE-NFC10.1.0.0
2025-05-04 11:28:16,945 [WARN] PackLoader:240 - Cannot read IP mode file for STMicroelectronics.X-CUBE-BLEMGR.4.0.0
2025-05-04 11:28:16,954 [WARN] PackLoader:240 - Cannot read IP mode file for emotas.I-CUBE-CANOPEN.1.3.0
2025-05-04 11:28:16,960 [WARN] PackLoader:240 - Cannot read IP mode file for STMicroelectronics.X-CUBE-AI.10.0.0
2025-05-04 11:28:16,965 [WARN] PackLoader:240 - Cannot read IP mode file for STMicroelectronics.FP-SNS-SMARTAG2.1.2.0
2025-05-04 11:28:16,994 [WARN] PackLoader:240 - Cannot read IP mode file for STMicroelectronics.FP-SNS-FLIGHT1.5.1.0
2025-05-04 11:28:17,042 [WARN] PackLoader:240 - Cannot read IP mode file for STMicroelectronics.X-CUBE-MEMS1.11.1.0
2025-05-04 11:28:17,143 [INFO] LogOutputStream:77 - [STDOUT_REDIRECT] 1 : Invalid condition id : UX_CORESTACK_Condition cause : null
2025-05-04 11:28:17,144 [INFO] LogOutputStream:77 - [STDOUT_REDIRECT] 1 : Invalid condition id : UX_CORESTACK_Condition cause : null
2025-05-04 11:28:17,145 [INFO] LogOutputStream:77 - [STDOUT_REDIRECT] 1 : Invalid condition id : UX_CORESTACK_Condition cause : null
2025-05-04 11:28:17,145 [INFO] LogOutputStream:77 - [STDOUT_REDIRECT] 1 : Invalid condition id : UX_CORESTACK_Condition cause : null
2025-05-04 11:28:17,146 [INFO] LogOutputStream:77 - [STDOUT_REDIRECT] 1 : Invalid condition id : UX_CORESTACK_Condition cause : null
2025-05-04 11:28:17,148 [WARN] PackLoader:240 - Cannot read IP mode file for STMicroelectronics.X-CUBE-AZRTOS-WL.2.0.0
2025-05-04 11:28:17,152 [WARN] PackLoader:240 - Cannot read IP mode file for STMicroelectronics.FP-SNS-MOTENV1.5.0.0
2025-05-04 11:28:17,156 [WARN] PackLoader:240 - Cannot read IP mode file for wolfSSL.I-CUBE-wolfMQTT.1.19.0
2025-05-04 11:28:17,163 [WARN] PackLoader:240 - Cannot read IP mode file for WES.I-CUBE-Cesium.1.3.0
2025-05-04 11:28:17,167 [WARN] PackLoader:240 - Cannot read IP mode file for STMicroelectronics.X-CUBE-BLE2.3.3.0
2025-05-04 11:28:17,173 [WARN] PackLoader:240 - Cannot read IP mode file for STMicroelectronics.X-CUBE-NFC9.1.0.0
2025-05-04 11:28:17,177 [WARN] PackLoader:240 - Cannot read IP mode file for STMicroelectronics.X-CUBE-BLE1.7.1.0
2025-05-04 11:28:17,205 [WARN] PackLoader:240 - Cannot read IP mode file for STMicroelectronics.X-CUBE-MEMS1.11.2.0
2025-05-04 11:28:17,315 [WARN] PackLoader:240 - Cannot read IP mode file for STMicroelectronics.X-CUBE-AZRTOS-G0.1.1.0
2025-05-04 11:28:17,323 [WARN] PackLoader:240 - Cannot read IP mode file for STMicroelectronics.X-CUBE-SAFEA1.1.2.2
2025-05-04 11:28:17,330 [WARN] PackLoader:240 - Cannot read IP mode file for STMicroelectronics.X-CUBE-NFC4.3.0.0
2025-05-04 11:28:17,338 [WARN] PackLoader:240 - Cannot read IP mode file for EmbeddedOffice.I-CUBE-FS-RTOS.1.0.1
2025-05-04 11:28:17,342 [WARN] PackLoader:240 - Cannot read IP mode file for STMicroelectronics.X-CUBE-WB05N.2.0.0
2025-05-04 11:28:17,351 [WARN] PackLoader:240 - Cannot read IP mode file for STMicroelectronics.X-CUBE-TCPP.4.2.0
2025-05-04 11:28:17,355 [WARN] PackLoader:240 - Cannot read IP mode file for RealThread.X-CUBE-RT-Thread_Nano.4.1.1
2025-05-04 11:28:17,357 [WARN] PackLoader:240 - Cannot read IP mode file for STMicroelectronics.FP-ATR-SIGFOX1.3.2.0
2025-05-04 11:28:17,362 [WARN] ConditionMgr:438 - getConditionDescription Invalid condition id : Cortex-A Device cause : null
2025-05-04 11:28:17,381 [WARN] ConditionMgr:1044 - genDependencies : Invalid condition id : Cortex-A Device cause : null
2025-05-04 11:28:17,381 [WARN] ConditionMgr:1044 - genDependencies : Invalid condition id : Cortex-A Device cause : null
2025-05-04 11:28:17,381 [WARN] ConditionMgr:1044 - genDependencies : Invalid condition id : Cortex-A Device cause : null
2025-05-04 11:28:17,387 [WARN] PackLoader:240 - Cannot read IP mode file for STMicroelectronics.X-CUBE-EEPRMA1.5.1.0
2025-05-04 11:28:17,394 [WARN] PackLoader:240 - Cannot read IP mode file for wolfSSL.I-CUBE-wolfSSL.5.7.6
2025-05-04 11:28:17,399 [WARN] PackLoader:240 - Cannot read IP mode file for ITTIA_DB.I-CUBE-ITTIADB.8.9.0
2025-05-04 11:28:17,420 [WARN] PackLoader:240 - Cannot read IP mode file for SEGGER.I-CUBE-embOS.1.3.1
2025-05-04 11:28:17,456 [WARN] PackLoader:240 - Cannot read IP mode file for STMicroelectronics.X-CUBE-ALGOBUILD.1.4.0
2025-05-04 11:28:17,477 [WARN] PackLoader:240 - Cannot read IP mode file for STMicroelectronics.X-CUBE-AZRTOS-F4.1.1.0
2025-05-04 11:28:17,485 [WARN] PackLoader:240 - Cannot read IP mode file for Avnet-IotConnect.X-CUBE-IoTC-DA16k-PMOD.1.0.0
2025-05-04 11:28:17,490 [WARN] PackLoader:240 - Cannot read IP mode file for STMicroelectronics.X-CUBE-ISPU.2.1.0
2025-05-04 11:28:17,508 [WARN] PackLoader:240 - Cannot read IP mode file for STMicroelectronics.X-CUBE-AZRTOS-L5.2.0.0
2025-05-04 11:28:17,517 [WARN] PackLoader:240 - Cannot read IP mode file for STMicroelectronics.X-CUBE-NFC6.3.1.0
2025-05-04 11:28:17,545 [WARN] PackLoader:240 - Cannot read IP mode file for STMicroelectronics.X-CUBE-DPower.1.2.0
2025-05-04 11:28:17,553 [WARN] PackLoader:240 - Cannot read IP mode file for STMicroelectronics.X-CUBE-FREERTOS.1.3.0
2025-05-04 11:28:17,559 [WARN] PackLoader:240 - Cannot read IP mode file for STMicroelectronics.X-CUBE-NFC7.1.0.1
2025-05-04 11:28:17,568 [WARN] PackLoader:240 - Cannot read IP mode file for STMicroelectronics.X-CUBE-DPower.1.3.0
2025-05-04 11:28:17,587 [WARN] ConditionMgr:438 - getConditionDescription Invalid condition id : LAN8742 Phy interface Condition cause : null
2025-05-04 11:28:17,587 [WARN] PackLoader:240 - Cannot read IP mode file for STMicroelectronics.X-CUBE-AZRTOS-L4.2.0.0
2025-05-04 11:28:17,589 [WARN] ConditionMgr:1044 - genDependencies : Invalid condition id : LAN8742 Phy interface Condition cause : null
2025-05-04 11:28:17,589 [WARN] ConditionMgr:1044 - genDependencies : Invalid condition id : LAN8742 Phy interface Condition cause : null
2025-05-04 11:28:17,590 [WARN] ConditionMgr:1044 - genDependencies : Invalid condition id : LAN8742 Phy interface Condition cause : null
2025-05-04 11:28:17,598 [WARN] PackLoader:240 - Cannot read IP mode file for STMicroelectronics.X-CUBE-SFXS2LP1.4.0.0
2025-05-04 11:28:17,619 [WARN] PackLoader:240 - Cannot read IP mode file for STMicroelectronics.X-CUBE-AZRTOS-H7.3.3.0
2025-05-04 11:28:17,634 [WARN] ConditionMgr:438 - getConditionDescription Invalid condition id : UX DEVICE CLASS RTOS Condition cause : null
2025-05-04 11:28:17,635 [WARN] ConditionMgr:438 - getConditionDescription Invalid condition id : UX DEVICE CLASS RTOS Condition cause : null
2025-05-04 11:28:17,637 [WARN] PackLoader:240 - Cannot read IP mode file for STMicroelectronics.X-CUBE-AZRTOS-WB.2.0.0
2025-05-04 11:28:17,638 [WARN] ConditionMgr:1044 - genDependencies : Invalid condition id : UX DEVICE CLASS RTOS Condition cause : null
2025-05-04 11:28:17,638 [WARN] ConditionMgr:1044 - genDependencies : Invalid condition id : UX DEVICE CLASS RTOS Condition cause : null
2025-05-04 11:28:17,639 [WARN] ConditionMgr:1044 - genDependencies : Invalid condition id : UX DEVICE CLASS RTOS Condition cause : null
2025-05-04 11:28:17,639 [WARN] ConditionMgr:1044 - genDependencies : Invalid condition id : UX DEVICE CLASS RTOS Condition cause : null
2025-05-04 11:28:17,639 [WARN] ConditionMgr:1044 - genDependencies : Invalid condition id : UX DEVICE CLASS RTOS Condition cause : null
2025-05-04 11:28:17,646 [WARN] PackLoader:240 - Cannot read IP mode file for STMicroelectronics.X-CUBE-GNSS1.7.0.1
2025-05-04 11:28:17,653 [WARN] PackLoader:240 - Cannot read IP mode file for STMicroelectronics.X-CUBE-TOUCHGFX.4.25.0
2025-05-04 11:28:17,660 [WARN] PackLoader:240 - Cannot read IP mode file for STMicroelectronics.FP-SNS-STBOX1.2.0.0
2025-05-04 11:28:17,672 [WARN] PackLoader:240 - Cannot read IP mode file for STMicroelectronics.X-CUBE-SUBG2.5.0.0
2025-05-04 11:28:17,690 [WARN] PackLoader:240 - Cannot read IP mode file for STMicroelectronics.X-CUBE-AZRTOS-H7RS.1.1.0
2025-05-04 11:28:17,697 [WARN] PackLoader:240 - Cannot read IP mode file for Cesanta.I-CUBE-Mongoose.7.13.0
2025-05-04 11:28:17,710 [WARN] PackLoader:240 - Cannot read IP mode file for STMicroelectronics.X-CUBE-AZRTOS-G4.2.0.0
2025-05-04 11:28:17,718 [WARN] PackLoader:240 - Cannot read IP mode file for STMicroelectronics.X-CUBE-NFC7.2.0.0
2025-05-04 11:28:17,728 [WARN] PackLoader:240 - Cannot read IP mode file for STMicroelectronics.X-CUBE-IPS.3.1.0
2025-05-04 11:28:17,737 [WARN] PackLoader:240 - Cannot read IP mode file for STMicroelectronics.X-CUBE-ALS.1.0.2
2025-05-04 11:28:17,741 [WARN] PackLoader:240 - Cannot read IP mode file for STMicroelectronics.X-CUBE-TOUCHGFX.4.24.2
2025-05-04 11:28:17,745 [WARN] PackLoader:240 - Cannot read IP mode file for wolfSSL.I-CUBE-wolfTPM.3.4.0
2025-05-04 11:28:17,751 [WARN] PackLoader:240 - Cannot read IP mode file for portGmbH.I-Cube-SoM-uGOAL.1.1.0
2025-05-04 11:28:17,760 [WARN] PackLoader:240 - Cannot read IP mode file for STMicroelectronics.X-CUBE-AZRTOS-H7RS.1.0.0
2025-05-04 11:28:17,772 [WARN] PackLoader:240 - Cannot read IP mode file for STMicroelectronics.X-CUBE-TOF1.3.4.2
2025-05-04 11:28:17,787 [WARN] PackLoader:240 - Cannot read IP mode file for STMicroelectronics.X-CUBE-TOF1.3.4.3
2025-05-04 11:28:17,797 [WARN] PackLoader:240 - Cannot read IP mode file for wolfSSL.I-CUBE-wolfSSH.1.4.17
2025-05-04 11:28:17,798 [INFO] ThirdParty:978 - Integrity check success = true
2025-05-04 11:28:17,799 [INFO] IntegrityCheckThread:100 - exiting critical section [integrity check]
2025-05-04 11:28:17,799 [INFO] IntegrityCheckThread:103 - End integrity checks thread
2025-05-04 14:58:18,188 [ERROR] LogOutputStream:75 - [STDERR_REDIRECT] 
